2026-05-22 10:15:53,992 - __main__ - INFO - ============================================================
2026-05-22 10:15:53,992 - __main__ - INFO - 水声数据增强模块启动
2026-05-22 10:15:53,992 - __main__ - INFO - ============================================================
2026-05-22 10:15:53,992 - __main__ - INFO - 日志文件: ./augmented_output/run.log
2026-05-22 10:15:53,992 - __main__ - INFO - ============================================================
2026-05-22 10:15:53,992 - __main__ - ERROR - 请指定 --audio_path (单文件) 或 --input_dir (批量目录)
2026-05-22 10:16:29,360 - __main__ - INFO - ============================================================
2026-05-22 10:16:29,360 - __main__ - INFO - 水声数据增强模块启动
2026-05-22 10:16:29,360 - __main__ - INFO - ============================================================
2026-05-22 10:16:29,360 - __main__ - INFO - 日志文件: ./augmented_output/run.log
2026-05-22 10:16:29,360 - __main__ - INFO - ============================================================
2026-05-22 10:16:29,360 - __main__ - INFO - 处理模式: 单文件
2026-05-22 10:16:29,360 - __main__ - INFO - 输入文件: ./raw_audio.wav
2026-05-22 10:16:29,360 - __main__ - INFO - 处理文件: ./raw_audio.wav
2026-05-22 10:16:35,106 - __main__ - INFO -   保存增强文件: augmented_output/raw_audio_aug1_volume_perturbation_time_stretch.wav
2026-05-22 10:16:35,189 - __main__ - INFO -   保存增强文件: augmented_output/raw_audio_aug2_volume_perturbation_time_stretch.wav
2026-05-22 10:16:35,306 - __main__ - INFO -   保存增强文件: augmented_output/raw_audio_aug3_volume_perturbation_pitch_shift.wav
2026-05-22 10:16:35,306 - __main__ - INFO - 溯源记录已保存到: augmented_output/provenance.json
2026-05-22 10:16:35,307 - __main__ - INFO - ============================================================
2026-05-22 10:16:35,307 - __main__ - INFO - 增强完成!
2026-05-22 10:16:35,307 - __main__ - INFO -   原始文件数: 1
2026-05-22 10:16:35,307 - __main__ - INFO -   生成增强样本数: 3
2026-05-22 10:16:35,307 - __main__ - INFO -   输出目录: ./augmented_output
2026-05-22 10:16:35,307 - __main__ - INFO -   溯源记录: augmented_output/provenance.json
2026-05-22 10:16:35,307 - __main__ - INFO - ============================================================
2026-05-22 10:34:39,934 - __main__ - INFO - ============================================================
2026-05-22 10:34:39,934 - __main__ - INFO - 水声数据增强模块启动 (带可视化)
2026-05-22 10:34:39,934 - __main__ - INFO - ============================================================
2026-05-22 10:34:39,934 - __main__ - INFO - 日志文件: ./augmented_output/run.log
2026-05-22 10:34:39,934 - __main__ - INFO - ============================================================
2026-05-22 10:34:39,966 - __main__ - INFO - 可视化输出目录: ./visualizations
2026-05-22 10:34:39,966 - __main__ - INFO - 处理模式: 单文件
2026-05-22 10:34:39,966 - __main__ - INFO - 输入文件: ./raw_audio.wav
2026-05-22 10:34:39,966 - __main__ - INFO - 处理文件: ./raw_audio.wav
2026-05-22 10:34:52,161 - __main__ - INFO -   保存原始信号可视化到: ./visualizations/raw_audio
2026-05-22 10:37:49,258 - __main__ - INFO - ============================================================
2026-05-22 10:37:49,258 - __main__ - INFO - 水声数据增强模块启动 (带可视化)
2026-05-22 10:37:49,258 - __main__ - INFO - ============================================================
2026-05-22 10:37:49,258 - __main__ - INFO - 日志文件: ./augmented_output/run.log
2026-05-22 10:37:49,258 - __main__ - INFO - ============================================================
2026-05-22 10:37:49,258 - __main__ - INFO - 可视化输出目录: ./visualizations
2026-05-22 10:37:49,259 - __main__ - INFO - 处理模式: 单文件
2026-05-22 10:37:49,259 - __main__ - INFO - 输入文件: ./raw_audio.wav
2026-05-22 10:37:49,259 - __main__ - INFO - 处理文件: ./raw_audio.wav
2026-05-22 10:37:50,405 - __main__ - INFO -   保存原始信号可视化到: ./visualizations/raw_audio
2026-05-22 10:37:53,707 - __main__ - INFO -   保存增强文件: augmented_output/raw_audio_aug1_volume_perturbation_pitch_shift.wav
2026-05-22 10:37:56,533 - __main__ - INFO -   保存对比图: ./visualizations/raw_audio/comparison_raw_audio_aug1_volume_perturbation_pitch_shift.png
2026-05-22 10:37:56,556 - __main__ - INFO -   保存增强文件: augmented_output/raw_audio_aug2_no_aug.wav
2026-05-22 10:37:59,374 - __main__ - INFO -   保存对比图: ./visualizations/raw_audio/comparison_raw_audio_aug2_no_aug.png
2026-05-22 10:37:59,590 - __main__ - INFO -   保存增强文件: augmented_output/raw_audio_aug3_no_aug.wav
2026-05-22 10:38:02,401 - __main__ - INFO -   保存对比图: ./visualizations/raw_audio/comparison_raw_audio_aug3_no_aug.png
2026-05-22 10:38:02,402 - __main__ - INFO - 溯源记录已保存到: augmented_output/provenance.json
2026-05-22 10:38:02,402 - __main__ - INFO - ============================================================
2026-05-22 10:38:02,402 - __main__ - INFO - 增强完成!
2026-05-22 10:38:02,402 - __main__ - INFO -   原始文件数: 1
2026-05-22 10:38:02,402 - __main__ - INFO -   生成增强样本数: 3
2026-05-22 10:38:02,402 - __main__ - INFO -   输出目录: ./augmented_output
2026-05-22 10:38:02,402 - __main__ - INFO -   溯源记录: augmented_output/provenance.json
2026-05-22 10:38:02,402 - __main__ - INFO -   可视化目录: ./visualizations
2026-05-22 10:38:02,402 - __main__ - INFO - ============================================================
2026-05-22 10:58:05,522 - __main__ - INFO - ============================================================
2026-05-22 10:58:05,522 - __main__ - INFO - 水声数据增强模块启动 (带可视化)
2026-05-22 10:58:05,522 - __main__ - INFO - ============================================================
2026-05-22 10:58:05,522 - __main__ - INFO - 日志文件: ./augmented_output/run.log
2026-05-22 10:58:05,522 - __main__ - INFO - ============================================================
2026-05-22 10:58:05,522 - __main__ - INFO - 可视化输出目录: ./visualizations
2026-05-22 10:58:05,522 - __main__ - INFO - 处理模式: 单文件
2026-05-22 10:58:05,522 - __main__ - INFO - 输入文件: ./raw_audio.wav
2026-05-22 10:58:05,522 - __main__ - INFO - 处理文件: ./raw_audio.wav
